// Jest Snapshot v1, https://jestjs.io/docs/snapshot-testing

exports[`DataGrid should render correctly with shallow 1`] = `ShallowWrapper {}`;
